// Jest Snapshot v1, https://goo.gl/fbAQLP

exports[`Test First App should match snapshot 1`] = `
<div>
  <h1
    data-testid="test-title"
  >
    Test Title
  </h1>
  <h2>
    Default Subtitle
  </h2>
  <h2>
    Default Subtitle
  </h2>
  <p>
    Learning React: 
    {
    "message": "I'm an object",
    "title": "True"
}
  </p>
</div>
`;
